Content-Type: text/xml; subtype=gml/3.1.1

<?xml version='1.0' encoding='UTF-8'?>
<wfs:FeatureCollection
 xmlns:tows='http://www.tinyows.org/'
 xmlns:wfs='http://www.opengis.net/wfs'
 xmlns:xsi='http://www.w3.org/2001/XMLSchema-instance'
 xmlns:gml='http://www.opengis.net/gml'
 xmlns:xsd='http://www.w3.org/2001/XMLSchema'
 xmlns:ogc='http://www.opengis.net/ogc'
 xmlns:xlink='http://www.w3.org/1999/xlink'
 xmlns:ows='http://www.opengis.net/ows'
 xsi:schemaLocation='http://www.tinyows.org/
    http://127.0.0.1/cgi-bin/tinyows?service=WFS&amp;version=1.1.0&amp;request=DescribeFeatureType&amp;Typename=tows:world   http://www.opengis.net/wfs
   http://schemas.opengis.net/wfs/1.1.0/wfs.xsd
   http://www.opengis.net/gml
   http://schemas.opengis.net/gml/3.1.1/base/gml.xsd'
>
  <gml:featureMember>
   <tows:world gml:id="world.62">
   <tows:name>France</tows:name>
   <tows:gmi_cntry>FRA</tows:gmi_cntry>
   <tows:region>Europe</tows:region>
   <tows:geom><gml:MultiSurface srsName="urn:ogc:def:crs:EPSG::3857"><gml:surfaceMember><gml:Polygon><gml:exterior><gml:LinearRing><gml:posList>1026273 5066534 1012729 5070449 1010843 5082615 988764 5087362 977385 5099592 979024 5106086 992289 5112625 988393 5115854 966284 5123852 971232 5127623 979859 5145178 974509 5150748 958986 5145678 956172 5155903 963872 5157690 971417 5167096 968108 5177387 953111 5183307 954317 5193114 961924 5199253 967150 5201549 958708 5213551 952431 5217569 965387 5230427 964398 5237347 994918 5256788 1007781 5260151 1011214 5268059 1025314 5271089 1034251 5262379 1039848 5271594 1037590 5296002 1040435 5305715 1040250 5312097 1049774 5312858 1053732 5300899 1056360 5283769 1053082 5251829 1057853 5246199 1057226 5251408 1062328 5225609 1058432 5170802 1047176 5147006 1040713 5104060 1033354 5102405 1041425 5100337 1029798 5073292 1026273 5066534</gml:posList></gml:LinearRing></gml:exterior></gml:Polygon></gml:surfaceMember><gml:surfaceMember><gml:Polygon><gml:exterior><gml:LinearRing><gml:posList>322970 6567879 337885 6581391 346544 6584815 355480 6575672 365282 6549815 365128 6540030 374837 6532541 400998 6532834 408419 6523553 408759 6506479 414696 6500764 418963 6507448 455389 6500909 469335 6492343 460615 6470168 470479 6460333 461976 6443916 464017 6443050 496299 6435648 520264 6445649 529602 6468721 542837 6473159 540116 6460043 534426 6442425 543363 6431516 540796 6411087 567482 6406296 580748 6392854 587334 6394240 593302 6387597 590797 6382582 603723 6378861 609258 6361176 635101 6366171 643765 6364807 663835 6358129 665845 6351277 686315 6360938 708239 6353274 722896 6351085 734121 6336688 733565 6329380 755550 6302476 761302 6301199 762260 6311466 782205 6306970 783504 6294962 789070 6296142 819466 6299972 821012 6304085 833443 6302760 839349 6289954 861736 6281933 883722 6283158 911954 6269581 915869 6268706 905399 6255462 881819 6222429 868508 6205995 869127 6192682 865138 6189041 862819 6163045 846585 6133002 842874 6113047 847791 6107316 836380 6054929 844781 6038017 837277 6028328 829639 6019127 823276 6014137 799088 6015149 801284 6023291 778185 6023613 780102 6016659 776824 6014874 766002 6000530 781803 6002949 786101 5998658 780442 5992043 773485 5989856 745222 5953233 746150 5948377 733286 5940076 716310 5930155 718320 5905333 704098 5893970 682388 5875944 676606 5854506 681770 5844993 680657 5821754 674689 5820590 664144 5813304 667917 5808303 664114 5802856 684862 5804997 701931 5820904 694881 5828196 695071 5832164 695345 5837868 704467 5845801 738450 5855044 756540 5849929 757962 5846473 757522 5845570 753355 5837017 761920 5823944 756447 5815314 755643 5803168 766373 5800578 764919 5788675 771351 5790814 783550 5769414 757962 5753369 756880 5745295 759663 5734793 778216 5722842 779174 5703493 799428 5686562 794048 5677670 792904 5669180 762569 5642973 752612 5648059 736954 5638960 751035 5624712 750664 5613301 780349 5597717 786905 5572717 779329 5574283 773763 5568889 774815 5563282 762848 5549521 763342 5544360 772001 5534261 766558 5530019 772093 5515614 810344 5489716 854130 5493768 857624 5476623 834030 5445258 838766 5431992 830153 5428169 828295 5428041 828028 5428423 827749 5428854 827571 5429317 827382 5429794 827037 5430134 826514 5430396 825991 5430303 825556 5430010 825189 5429656 824844 5429271 824477 5428931 824109 5428592 823798 5428160 823453 5427775 823085 5427436 822718 5427051 822406 5426620 822250 5426157 822250 5425587 822462 5425125 822651 5424648 822740 5424093 822783 5423450 818147 5422494 817734 5422296 796893 5413446 794141 5398241 779824 5397344 763033 5377226 751190 5378375 742470 5360124 733534 5356555 743769 5346195 736378 5337796 734028 5342080 709693 5334787 708889 5326103 690397 5331779 686470 5329576 688078 5320558 677781 5319965 682048 5323478 680997 5326908 660650 5332329 658022 5327204 652580 5320727 643550 5324536 643488 5333176 604681 5345645 597074 5345813 596858 5363143 592467 5367947 563679 5363993 558020 5369012 558638 5373183 582263 5382891 581892 5387791 574656 5384851 560092 5397089 558391 5387876 563369 5383104 563400 5377735 551897 5376885 542806 5376713 542528 5368969 529541 5376033 527840 5375735 536158 5369990 536745 5366927 512843 5367225 509101 5369990 512255 5376885 505150 5380935 489744 5381611 481024 5381995 480065 5389879 472799 5387152 472056 5384041 467016 5382464 459162 5388132 460090 5394016 452204 5398112 429755 5386043 386433 5354474 371931 5353327 345338 5324789 338782 5328262 337329 5322503 343452 5319627 338164 5302885 338071 5296339 329939 5288913 331206 5283010 335319 5281282 339803 5293512 339463 5244312 353658 5226758 350749 5226111 338226 5232397 298151 5221336 297347 5211794 275701 5213801 250933 5226321 232318 5215559 220041 5217274 217413 5226696 198984 5234703 190464 5232173 198334 5248512 171556 5259435 159771 5250853 154023 5264860 90818 5287815 74337 5287521 74368 5273699 75264 5264777 45919 5265702 32406 5262758 29160 5269068 -6401 5265533 -13791 5275132 -20903 5279428 -34138 5289039 -43662 5281030 -55753 5284949 -57793 5280187 -73038 5291234 -83149 5306728 -91158 5303770 -144777 5322885 -143417 5328134 -151425 5316791 -160362 5319330 -163949 5325847 -153837 5341952 -156868 5353624 -180338 5351077 -184326 5359189 -201543 5370894 -183925 5372968 -166237 5397814 -158568 5428204 -144066 5505721 -134542 5562806 -132718 5568455 -117380 5568152 -115463 5571760 -126286 5584382 -130120 5586342 -139026 5563588 -140170 5573152 -132996 5641001 -121926 5708966 -117813 5711927 -117751 5703890 -89983 5679518 -81913 5660568 -79563 5642097 -73656 5629964 -62401 5619422 -65586 5624930 -55103 5621345 -57824 5626375 -69018 5631013 -74399 5641087 -82129 5684757 -94622 5703626 -138629 5733645 -137016 5746449 -127584 5748887 -109681 5734836 -126688 5754744 -119328 5773762 -123719 5781415 -117504 5781727 -122884 5796432 -128265 5805266 -133862 5805266 -132903 5814912 -123101 5821887 -123812 5830747 -133027 5831641 -135191 5824258 -156466 5836077 -161259 5834687 -163887 5844008 -168309 5847776 -186336 5853070 -200313 5858727 -213084 5891393 -234668 5911702 -237544 5923683 -223869 5945344 -220907 5947696 -228391 5957956 -249325 5964271 -240852 5969092 -241069 5985435 -225422 5990678 -202138 5980879 -222515 5994051 -240388 5992820 -253066 5981607 -277835 5989763 -271898 5989719 -272578 5994873 -284267 6003817 -266734 6008477 -270970 6011081 -277062 6021005 -262869 6024758 -296357 6028374 -304582 6024758 -312777 6022696 -324187 6032588 -320291 6034741 -304675 6031305 -298398 6042718 -308200 6043957 -320600 6041572 -326908 6040105 -329568 6034695 -347904 6040471 -347348 6024161 -350564 6027596 -348677 6036711 -356284 6050382 -350440 6063937 -357645 6049235 -373415 6058192 -365283 6070745 -383094 6057318 -413305 6075625 -428333 6072585 -439836 6090049 -454802 6084976 -465625 6087143 -462594 6078939 -468624 6073552 -485570 6074104 -483560 6082533 -492001 6100339 -504216 6110597 -513523 6110319 -526053 6113677 -518996 6119108 -478117 6123321 -478396 6136573 -493300 6146968 -500165 6146224 -505081 6136202 -508019 6145806 -514729 6153889 -502391 6156955 -471438 6157559 -481302 6160256 -480715 6166583 -495217 6162022 -490424 6170633 -477932 6178224 -530314 6162814 -533282 6177246 -528118 6198145 -515626 6203845 -492960 6215772 -480251 6219190 -470077 6215398 -464944 6221766 -441722 6229497 -440083 6216053 -434177 6220127 -429044 6212171 -424220 6228514 -400317 6220033 -397534 6221766 -398833 6228606 -393205 6230717 -398617 6235406 -391041 6247285 -363242 6247519 -358542 6252923 -358913 6239959 -345276 6253206 -342771 6245546 -328238 6235736 -321002 6220876 -314447 6216522 -307860 6202583 -295368 6195576 -274372 6212310 -257631 6222862 -254303 6218910 -259282 6211421 -247840 6209174 -242275 6203798 -234420 6215024 -222917 6204408 -220691 6192821 -217846 6198986 -225979 6215821 -205848 6225653 -208167 6215679 -204890 6209878 -182348 6210063 -159620 6217973 -173751 6231654 -178761 6247942 -172452 6261767 -173287 6277546 -176472 6276368 -179255 6291465 -172483 6312224 -181389 6311515 -197499 6339869 -201767 6339206 -205477 6360081 -209775 6365128 -204828 6373566 -206157 6384638 -216609 6390274 -216176 6398593 -165062 6390274 -157053 6395341 -140077 6393525 -140232 6374902 -144654 6373662 -144901 6367656 -127152 6333413 -112866 6342103 -48579 6332938 -24305 6321603 24305 6347569 43755 6353086 15987 6356179 8689 6362130 20532 6394959 68121 6421632 125915 6437427 159805 6463321 167598 6481320 173102 6484366 184450 6478230 183121 6483978 172329 6492584 170783 6496407 172854 6508855 179255 6510308 173535 6516274 175545 6552983 175452 6597348 216331 6620457 275268 6633781 282937 6637424 290822 6601367 292708 6590345 309685 6578167 322970 6567879</gml:posList></gml:LinearRing></gml:exterior></gml:Polygon></gml:surfaceMember></gml:MultiSurface></tows:geom>
   </tows:world>
  </gml:featureMember>
</wfs:FeatureCollection>
